<html>
<body>
<pre>
<h1>µVision Build Log</h1>
<h2>Project:</h2>
E:\Homebrew\Watch\Demo\Device\Project\WatchDemo.uvproj
Project File Date:  01/11/2013

<h2>Output:</h2>
Load "E:\\Homebrew\\Watch\\Demo\\Device\\Project\\WatchDemo.AXF" 
Connecting: Mode=JTAG, Speed=1000000Hz
Connection failed!, error code=&d
Load "E:\\Homebrew\\Watch\\Demo\\Device\\Project\\WatchDemo.AXF" 
Connecting: Mode=JTAG, Speed=1000000Hz
Full Chip Erase Done.
Erase Done.
Programming Done.
Verify OK.
Build target 'Watch'
compiling main.c...
compiling LcdTask.c...
compiling LcdDisplay.c...
..\Application\LcdDisplay.c(61): warning:  #550-D: variable "AllowConnectionStateChangeToUpdateScreen" was set but never used
..\Application\LcdDisplay.c(64): warning:  #177-D: function "DisplayStartupScreen" was declared but never referenced
compiling MessageQueues.c...
compiling BufferPool.c...
compiling Statistics.c...
compiling IdlePageMain.c...
..\Application\IdlePageMain.c(175): warning:  #223-D: function "QueryBatteryCharging" declared implicitly
..\Application\IdlePageMain.c(510): warning:  #177-D: function "DontChangeButtonConfiguration" was declared but never referenced
compiling Display.c...
compiling OneSecondTimers.c...
compiling CommandTask.c...
..\Application\CommandTask.c(190): warning:  #177-D: variable "pTestMsg" was declared but never referenced
compiling Utilities.c...
..\Application\Utilities.c(152): error:  #136: struct "<unnamed>" has no field "crcLsb"
..\Application\Utilities.c(153): error:  #136: struct "<unnamed>" has no field "crcMsb"
..\Application\Utilities.c(175): error:  #136: struct "<unnamed>" has no field "crcLsb"
..\Application\Utilities.c(176): error:  #136: struct "<unnamed>" has no field "crcMsb"
compiling BluetoothSpp.c...
..\Application\BluetoothSpp.c(219): error:  #20: identifier "ucData" is undefined
..\Application\BluetoothSpp.c(220): error:  #20: identifier "BtSppRecvMsg" is undefined
..\Application\BluetoothSpp.c(223): error:  #118: a void function may not return a value
..\Application\BluetoothSpp.c(226): error:  #20: identifier "ucData" is undefined
..\Application\BluetoothSpp.c(232): error:  #20: identifier "BtSppRecvMsg" is undefined
..\Application\BluetoothSpp.c(238): error:  #118: a void function may not return a value
..\Application\BluetoothSpp.c(242): error:  #20: identifier "BtSppRecvMsg" is undefined
..\Application\BluetoothSpp.c(244): error:  #118: a void function may not return a value
..\Application\BluetoothSpp.c(248): error:  #20: identifier "BtSppRecvMsg" is undefined
..\Application\BluetoothSpp.c(250): error:  #118: a void function may not return a value
..\Application\BluetoothSpp.c(254): error:  #20: identifier "BtSppRecvMsg" is undefined
..\Application\BluetoothSpp.c(258): error:  #118: a void function may not return a value
..\Application\BluetoothSpp.c(261): error:  #118: a void function may not return a value
..\Application\BluetoothSpp.c(266): error:  #20: identifier "BtSppRecvMsg" is undefined
..\Application\BluetoothSpp.c(271): error:  #118: a void function may not return a value
..\Application\BluetoothSpp.c(273): error:  #118: a void function may not return a value
..\Application\BluetoothSpp.c(277): error:  #118: a void function may not return a value
..\Application\BluetoothSpp.c(280): error:  #118: a void function may not return a value
..\Application\BluetoothSpp.c(310): warning:  #177-D: variable "Esc" was declared but never referenced
..\Application\BluetoothSpp.c(44): warning:  #177-D: variable "BtTxMutex" was declared but never referenced
..\Application\BluetoothSpp.c(121): warning:  #177-D: function "WriteTxBuffer_" was declared but never referenced
..\Application\BluetoothSpp.c(147): warning:  #177-D: function "WriteTxBuffer" was declared but never referenced
..\Application\BluetoothSpp.c(157): warning:  #177-D: function "BTRxTask_" was declared but never referenced
compiling Background.c...
compiling FrameBuffer.c...
compiling Buttons.c...
compiling IdlePageQrCode.c...
compiling IdlePageGameOfLife.c...
compiling hal_rtc.c...
compiling hal_timer.c...
Target not created
Build target 'Watch'
compiling Utilities.c...
..\Application\Utilities.c(125): warning:  #177-D: variable "crc" was declared but never referenced
..\Application\Utilities.c(176): error:  #136: struct "<unnamed>" has no field "crcLsb"
..\Application\Utilities.c(177): error:  #136: struct "<unnamed>" has no field "crcMsb"
compiling BluetoothSpp.c...
..\Application\BluetoothSpp.c(219): error:  #20: identifier "ucData" is undefined
..\Application\BluetoothSpp.c(220): error:  #20: identifier "BtSppRecvMsg" is undefined
..\Application\BluetoothSpp.c(223): error:  #118: a void function may not return a value
..\Application\BluetoothSpp.c(226): error:  #20: identifier "ucData" is undefined
..\Application\BluetoothSpp.c(232): error:  #20: identifier "BtSppRecvMsg" is undefined
..\Application\BluetoothSpp.c(238): error:  #118: a void function may not return a value
..\Application\BluetoothSpp.c(242): error:  #20: identifier "BtSppRecvMsg" is undefined
..\Application\BluetoothSpp.c(244): error:  #118: a void function may not return a value
..\Application\BluetoothSpp.c(248): error:  #20: identifier "BtSppRecvMsg" is undefined
..\Application\BluetoothSpp.c(250): error:  #118: a void function may not return a value
..\Application\BluetoothSpp.c(254): error:  #20: identifier "BtSppRecvMsg" is undefined
..\Application\BluetoothSpp.c(258): error:  #118: a void function may not return a value
..\Application\BluetoothSpp.c(261): error:  #118: a void function may not return a value
..\Application\BluetoothSpp.c(266): error:  #20: identifier "BtSppRecvMsg" is undefined
..\Application\BluetoothSpp.c(271): error:  #118: a void function may not return a value
..\Application\BluetoothSpp.c(273): error:  #118: a void function may not return a value
..\Application\BluetoothSpp.c(277): error:  #118: a void function may not return a value
..\Application\BluetoothSpp.c(280): error:  #118: a void function may not return a value
..\Application\BluetoothSpp.c(310): warning:  #177-D: variable "Esc" was declared but never referenced
..\Application\BluetoothSpp.c(44): warning:  #177-D: variable "BtTxMutex" was declared but never referenced
..\Application\BluetoothSpp.c(121): warning:  #177-D: function "WriteTxBuffer_" was declared but never referenced
..\Application\BluetoothSpp.c(147): warning:  #177-D: function "WriteTxBuffer" was declared but never referenced
..\Application\BluetoothSpp.c(157): warning:  #177-D: function "BTRxTask_" was declared but never referenced
Target not created
Build target 'Watch'
compiling Utilities.c...
..\Application\Utilities.c(125): warning:  #177-D: variable "crc" was declared but never referenced
..\Application\Utilities.c(161): warning:  #177-D: variable "crc" was declared but never referenced
..\Application\Utilities.c(162): warning:  #177-D: variable "CrcIndex" was declared but never referenced
compiling BluetoothSpp.c...
..\Application\BluetoothSpp.c(219): error:  #20: identifier "ucData" is undefined
..\Application\BluetoothSpp.c(220): error:  #20: identifier "BtSppRecvMsg" is undefined
..\Application\BluetoothSpp.c(223): error:  #118: a void function may not return a value
..\Application\BluetoothSpp.c(226): error:  #20: identifier "ucData" is undefined
..\Application\BluetoothSpp.c(232): error:  #20: identifier "BtSppRecvMsg" is undefined
..\Application\BluetoothSpp.c(238): error:  #118: a void function may not return a value
..\Application\BluetoothSpp.c(242): error:  #20: identifier "BtSppRecvMsg" is undefined
..\Application\BluetoothSpp.c(244): error:  #118: a void function may not return a value
..\Application\BluetoothSpp.c(248): error:  #20: identifier "BtSppRecvMsg" is undefined
..\Application\BluetoothSpp.c(250): error:  #118: a void function may not return a value
..\Application\BluetoothSpp.c(254): error:  #20: identifier "BtSppRecvMsg" is undefined
..\Application\BluetoothSpp.c(258): error:  #118: a void function may not return a value
..\Application\BluetoothSpp.c(261): error:  #118: a void function may not return a value
..\Application\BluetoothSpp.c(266): error:  #20: identifier "BtSppRecvMsg" is undefined
..\Application\BluetoothSpp.c(271): error:  #118: a void function may not return a value
..\Application\BluetoothSpp.c(273): error:  #118: a void function may not return a value
..\Application\BluetoothSpp.c(277): error:  #118: a void function may not return a value
..\Application\BluetoothSpp.c(280): error:  #118: a void function may not return a value
..\Application\BluetoothSpp.c(310): warning:  #177-D: variable "Esc" was declared but never referenced
..\Application\BluetoothSpp.c(44): warning:  #177-D: variable "BtTxMutex" was declared but never referenced
..\Application\BluetoothSpp.c(121): warning:  #177-D: function "WriteTxBuffer_" was declared but never referenced
..\Application\BluetoothSpp.c(147): warning:  #177-D: function "WriteTxBuffer" was declared but never referenced
..\Application\BluetoothSpp.c(157): warning:  #177-D: function "BTRxTask_" was declared but never referenced
Target not created
Build target 'Watch'
compiling BluetoothSpp.c...
..\Application\BluetoothSpp.c(219): error:  #20: identifier "ucData" is undefined
..\Application\BluetoothSpp.c(225): error:  #118: a void function may not return a value
..\Application\BluetoothSpp.c(240): error:  #118: a void function may not return a value
..\Application\BluetoothSpp.c(246): error:  #118: a void function may not return a value
..\Application\BluetoothSpp.c(252): error:  #118: a void function may not return a value
..\Application\BluetoothSpp.c(260): error:  #118: a void function may not return a value
..\Application\BluetoothSpp.c(263): error:  #118: a void function may not return a value
..\Application\BluetoothSpp.c(273): error:  #118: a void function may not return a value
..\Application\BluetoothSpp.c(275): error:  #118: a void function may not return a value
..\Application\BluetoothSpp.c(279): error:  #118: a void function may not return a value
..\Application\BluetoothSpp.c(282): error:  #118: a void function may not return a value
..\Application\BluetoothSpp.c(313): warning:  #177-D: variable "Esc" was declared but never referenced
..\Application\BluetoothSpp.c(44): warning:  #177-D: variable "BtTxMutex" was declared but never referenced
..\Application\BluetoothSpp.c(121): warning:  #177-D: function "WriteTxBuffer_" was declared but never referenced
..\Application\BluetoothSpp.c(147): warning:  #177-D: function "WriteTxBuffer" was declared but never referenced
Target not created
Build target 'Watch'
compiling BluetoothSpp.c...
..\Application\BluetoothSpp.c(227): error:  #118: a void function may not return a value
..\Application\BluetoothSpp.c(242): error:  #118: a void function may not return a value
..\Application\BluetoothSpp.c(248): error:  #118: a void function may not return a value
..\Application\BluetoothSpp.c(254): error:  #118: a void function may not return a value
..\Application\BluetoothSpp.c(262): error:  #118: a void function may not return a value
..\Application\BluetoothSpp.c(265): error:  #118: a void function may not return a value
..\Application\BluetoothSpp.c(275): error:  #118: a void function may not return a value
..\Application\BluetoothSpp.c(277): error:  #118: a void function may not return a value
..\Application\BluetoothSpp.c(281): error:  #118: a void function may not return a value
..\Application\BluetoothSpp.c(284): error:  #118: a void function may not return a value
..\Application\BluetoothSpp.c(315): warning:  #177-D: variable "Esc" was declared but never referenced
..\Application\BluetoothSpp.c(44): warning:  #177-D: variable "BtTxMutex" was declared but never referenced
..\Application\BluetoothSpp.c(121): warning:  #177-D: function "WriteTxBuffer_" was declared but never referenced
..\Application\BluetoothSpp.c(147): warning:  #177-D: function "WriteTxBuffer" was declared but never referenced
Target not created
Build target 'Watch'
compiling BluetoothSpp.c...
..\Application\BluetoothSpp.c(265): error:  #118: a void function may not return a value
..\Application\BluetoothSpp.c(275): error:  #118: a void function may not return a value
..\Application\BluetoothSpp.c(315): warning:  #177-D: variable "Esc" was declared but never referenced
..\Application\BluetoothSpp.c(44): warning:  #177-D: variable "BtTxMutex" was declared but never referenced
..\Application\BluetoothSpp.c(121): warning:  #177-D: function "WriteTxBuffer_" was declared but never referenced
..\Application\BluetoothSpp.c(147): warning:  #177-D: function "WriteTxBuffer" was declared but never referenced
Target not created
Build target 'Watch'
compiling BluetoothSpp.c...
..\Application\BluetoothSpp.c(271): error:  #20: identifier "i" is undefined
..\Application\BluetoothSpp.c(272): error:  #20: identifier "pMsgRecvBuffer" is undefined
..\Application\BluetoothSpp.c(293): error:  #20: identifier "i" is undefined
..\Application\BluetoothSpp.c(294): error:  #20: identifier "pMsgRecvBuffer" is undefined
..\Application\BluetoothSpp.c(339): warning:  #177-D: variable "Esc" was declared but never referenced
..\Application\BluetoothSpp.c(44): warning:  #177-D: variable "BtTxMutex" was declared but never referenced
..\Application\BluetoothSpp.c(121): warning:  #177-D: function "WriteTxBuffer_" was declared but never referenced
..\Application\BluetoothSpp.c(147): warning:  #177-D: function "WriteTxBuffer" was declared but never referenced
Target not created
Build target 'Watch'
compiling BluetoothSpp.c...
..\Application\BluetoothSpp.c(272): error:  #20: identifier "pMsgRecvBuffer" is undefined
..\Application\BluetoothSpp.c(291): error:  #20: identifier "pMsgRecvBuffer" is undefined
..\Application\BluetoothSpp.c(336): warning:  #177-D: variable "Esc" was declared but never referenced
..\Application\BluetoothSpp.c(44): warning:  #177-D: variable "BtTxMutex" was declared but never referenced
..\Application\BluetoothSpp.c(121): warning:  #177-D: function "WriteTxBuffer_" was declared but never referenced
..\Application\BluetoothSpp.c(147): warning:  #177-D: function "WriteTxBuffer" was declared but never referenced
Target not created
Build target 'Watch'
compiling BluetoothSpp.c...
..\Application\BluetoothSpp.c(337): warning:  #177-D: variable "Esc" was declared but never referenced
..\Application\BluetoothSpp.c(44): warning:  #177-D: variable "BtTxMutex" was declared but never referenced
..\Application\BluetoothSpp.c(121): warning:  #177-D: function "WriteTxBuffer_" was declared but never referenced
..\Application\BluetoothSpp.c(147): warning:  #177-D: function "WriteTxBuffer" was declared but never referenced
linking...
Program Size: Code=29684 RO-data=22580 RW-data=336 ZI-data=26968  
"WatchDemo.axf" - 0 Error(s), 4 Warning(s).
